2026-06-19 15:37:59,986 [INFO] ASYNC SCRAPER STARTED  max_pages=-1
2026-06-19 15:38:00,361 [INFO] Cookie priming: HTTP 503, cookies=[]
2026-06-19 15:38:00,361 [INFO] Binary search starting — initial hi=100
2026-06-19 15:38:01,001 [INFO] 404 → https://mostaql.com/freelancers?page=100
2026-06-19 15:38:01,001 [INFO] Binary search: bracket [1, 100)
2026-06-19 15:38:01,641 [INFO] 404 → https://mostaql.com/freelancers?page=75
2026-06-19 15:38:01,757 [INFO] 404 → https://mostaql.com/freelancers?page=62
2026-06-19 15:38:01,872 [INFO] 404 → https://mostaql.com/freelancers?page=56
2026-06-19 15:38:02,002 [INFO] 404 → https://mostaql.com/freelancers?page=53
2026-06-19 15:38:02,159 [INFO] 404 → https://mostaql.com/freelancers?page=51
2026-06-19 15:38:02,159 [INFO] Binary search complete — last page = 50
2026-06-19 15:38:02,178 [INFO] Fetching directory page 1: https://mostaql.com/freelancers
2026-06-19 15:38:02,179 [INFO] Fetching directory page 2: https://mostaql.com/freelancers?page=2
2026-06-19 15:38:02,179 [INFO] Fetching directory page 3: https://mostaql.com/freelancers?page=3
2026-06-19 15:38:02,179 [INFO] Fetching directory page 4: https://mostaql.com/freelancers?page=4
2026-06-19 15:38:02,179 [INFO] Fetching directory page 5: https://mostaql.com/freelancers?page=5
2026-06-19 15:38:02,179 [INFO] Fetching directory page 6: https://mostaql.com/freelancers?page=6
2026-06-19 15:38:02,179 [INFO] Fetching directory page 7: https://mostaql.com/freelancers?page=7
2026-06-19 15:38:02,180 [INFO] Fetching directory page 8: https://mostaql.com/freelancers?page=8
2026-06-19 15:38:02,180 [INFO] Fetching directory page 9: https://mostaql.com/freelancers?page=9
2026-06-19 15:38:02,180 [INFO] Fetching directory page 10: https://mostaql.com/freelancers?page=10
2026-06-19 15:38:02,180 [INFO] Fetching directory page 11: https://mostaql.com/freelancers?page=11
2026-06-19 15:38:02,180 [INFO] Fetching directory page 12: https://mostaql.com/freelancers?page=12
2026-06-19 15:38:02,180 [INFO] Fetching directory page 13: https://mostaql.com/freelancers?page=13
2026-06-19 15:38:02,180 [INFO] Fetching directory page 14: https://mostaql.com/freelancers?page=14
2026-06-19 15:38:02,180 [INFO] Fetching directory page 15: https://mostaql.com/freelancers?page=15
2026-06-19 15:38:02,180 [INFO] Fetching directory page 16: https://mostaql.com/freelancers?page=16
2026-06-19 15:38:02,180 [INFO] Fetching directory page 17: https://mostaql.com/freelancers?page=17
2026-06-19 15:38:02,181 [INFO] Fetching directory page 18: https://mostaql.com/freelancers?page=18
2026-06-19 15:38:02,181 [INFO] Fetching directory page 19: https://mostaql.com/freelancers?page=19
2026-06-19 15:38:02,181 [INFO] Fetching directory page 20: https://mostaql.com/freelancers?page=20
2026-06-19 15:38:02,181 [INFO] Fetching directory page 21: https://mostaql.com/freelancers?page=21
2026-06-19 15:38:02,181 [INFO] Fetching directory page 22: https://mostaql.com/freelancers?page=22
2026-06-19 15:38:02,181 [INFO] Fetching directory page 23: https://mostaql.com/freelancers?page=23
2026-06-19 15:38:02,181 [INFO] Fetching directory page 24: https://mostaql.com/freelancers?page=24
2026-06-19 15:38:02,181 [INFO] Fetching directory page 25: https://mostaql.com/freelancers?page=25
2026-06-19 15:38:02,181 [INFO] Fetching directory page 26: https://mostaql.com/freelancers?page=26
2026-06-19 15:38:02,181 [INFO] Fetching directory page 27: https://mostaql.com/freelancers?page=27
2026-06-19 15:38:02,182 [INFO] Fetching directory page 28: https://mostaql.com/freelancers?page=28
2026-06-19 15:38:02,182 [INFO] Fetching directory page 29: https://mostaql.com/freelancers?page=29
2026-06-19 15:38:02,182 [INFO] Fetching directory page 30: https://mostaql.com/freelancers?page=30
2026-06-19 15:38:02,182 [INFO] Fetching directory page 31: https://mostaql.com/freelancers?page=31
2026-06-19 15:38:02,182 [INFO] Fetching directory page 32: https://mostaql.com/freelancers?page=32
2026-06-19 15:38:02,182 [INFO] Fetching directory page 33: https://mostaql.com/freelancers?page=33
2026-06-19 15:38:02,182 [INFO] Fetching directory page 34: https://mostaql.com/freelancers?page=34
2026-06-19 15:38:02,182 [INFO] Fetching directory page 35: https://mostaql.com/freelancers?page=35
2026-06-19 15:38:02,182 [INFO] Fetching directory page 36: https://mostaql.com/freelancers?page=36
2026-06-19 15:38:02,182 [INFO] Fetching directory page 37: https://mostaql.com/freelancers?page=37
2026-06-19 15:38:02,183 [INFO] Fetching directory page 38: https://mostaql.com/freelancers?page=38
2026-06-19 15:38:02,183 [INFO] Fetching directory page 39: https://mostaql.com/freelancers?page=39
2026-06-19 15:38:02,183 [INFO] Fetching directory page 40: https://mostaql.com/freelancers?page=40
2026-06-19 15:38:02,183 [INFO] Fetching directory page 41: https://mostaql.com/freelancers?page=41
2026-06-19 15:38:02,183 [INFO] Fetching directory page 42: https://mostaql.com/freelancers?page=42
2026-06-19 15:38:02,183 [INFO] Fetching directory page 43: https://mostaql.com/freelancers?page=43
2026-06-19 15:38:02,183 [INFO] Fetching directory page 44: https://mostaql.com/freelancers?page=44
2026-06-19 15:38:02,183 [INFO] Fetching directory page 45: https://mostaql.com/freelancers?page=45
2026-06-19 15:38:02,183 [INFO] Fetching directory page 46: https://mostaql.com/freelancers?page=46
2026-06-19 15:38:02,183 [INFO] Fetching directory page 47: https://mostaql.com/freelancers?page=47
2026-06-19 15:38:02,184 [INFO] Fetching directory page 48: https://mostaql.com/freelancers?page=48
2026-06-19 15:38:02,184 [INFO] Fetching directory page 49: https://mostaql.com/freelancers?page=49
2026-06-19 15:38:02,184 [INFO] Fetching directory page 50: https://mostaql.com/freelancers?page=50
2026-06-19 15:38:03,142 [INFO] Page 1: 25 URLs | running total: 25
2026-06-19 15:38:03,142 [INFO] [Worker-6] Fetching profile: https://mostaql.com/u/Oumaima_Souid
2026-06-19 15:38:03,142 [INFO] [Worker-7] Fetching profile: https://mostaql.com/u/wail1964
2026-06-19 15:38:03,142 [INFO] [Worker-10] Fetching profile: https://mostaql.com/u/Salam_Alzaq
2026-06-19 15:38:03,142 [INFO] [Worker-9] Fetching profile: https://mostaql.com/u/hadi060
2026-06-19 15:38:03,142 [INFO] [Worker-3] Fetching profile: https://mostaql.com/u/waleedragab
2026-06-19 15:38:03,142 [INFO] [Worker-4] Fetching profile: https://mostaql.com/u/Spoliv
2026-06-19 15:38:03,142 [INFO] [Worker-1] Fetching profile: https://mostaql.com/u/hazemaamer
2026-06-19 15:38:03,142 [INFO] [Worker-5] Fetching profile: https://mostaql.com/u/MohamedHas207
2026-06-19 15:38:03,142 [INFO] [Worker-8] Fetching profile: https://mostaql.com/u/mhmdAbdrabo
2026-06-19 15:38:03,142 [INFO] [Worker-2] Fetching profile: https://mostaql.com/u/KHALED__11
2026-06-19 15:38:03,517 [INFO] Page 2: 25 URLs | running total: 50
2026-06-19 15:38:03,533 [INFO] Page 3: 25 URLs | running total: 75
2026-06-19 15:38:04,351 [INFO] Page 6: 25 URLs | running total: 100
2026-06-19 15:38:04,377 [INFO] Page 4: 25 URLs | running total: 125
2026-06-19 15:38:04,423 [INFO] Page 5: 25 URLs | running total: 150
2026-06-19 15:38:04,846 [INFO] Page 7: 25 URLs | running total: 175
2026-06-19 15:38:04,927 [INFO] Page 8: 25 URLs | running total: 200
2026-06-19 15:38:05,055 [INFO] Page 9: 25 URLs | running total: 225
2026-06-19 15:38:05,310 [INFO] Page 10: 25 URLs | running total: 250
2026-06-19 15:38:05,409 [INFO] Page 11: 25 URLs | running total: 275
2026-06-19 15:38:05,764 [INFO] Page 12: 25 URLs | running total: 300
2026-06-19 15:38:05,955 [INFO] Page 13: 25 URLs | running total: 325
2026-06-19 15:38:06,364 [INFO] Page 14: 25 URLs | running total: 350
2026-06-19 15:38:06,704 [INFO] Page 15: 25 URLs | running total: 375
2026-06-19 15:38:06,986 [INFO] Page 16: 25 URLs | running total: 400
2026-06-19 15:38:07,394 [INFO] Page 17: 25 URLs | running total: 425
2026-06-19 15:38:07,734 [INFO] Page 18: 25 URLs | running total: 450
2026-06-19 15:38:08,159 [INFO] Page 19: 25 URLs | running total: 475
2026-06-19 15:38:08,367 [INFO] Page 20: 25 URLs | running total: 500
2026-06-19 15:38:08,658 [INFO] Page 21: 25 URLs | running total: 525
2026-06-19 15:38:08,968 [INFO] Page 22: 25 URLs | running total: 550
2026-06-19 15:38:09,373 [INFO] Page 23: 25 URLs | running total: 575
2026-06-19 15:38:09,729 [INFO] Page 24: 25 URLs | running total: 600
2026-06-19 15:38:10,961 [INFO] Page 25: 25 URLs | running total: 625
2026-06-19 15:38:10,973 [INFO] Page 27: 25 URLs | running total: 650
2026-06-19 15:38:11,064 [INFO] Page 26: 25 URLs | running total: 675
2026-06-19 15:38:11,127 [INFO] Page 28: 25 URLs | running total: 700
2026-06-19 15:38:11,314 [INFO] Page 29: 25 URLs | running total: 725
2026-06-19 15:38:11,673 [INFO] Page 30: 25 URLs | running total: 750
2026-06-19 15:38:11,985 [INFO] Page 31: 25 URLs | running total: 775
2026-06-19 15:38:12,303 [INFO] Page 32: 25 URLs | running total: 800
2026-06-19 15:38:12,682 [INFO] Page 33: 25 URLs | running total: 825
2026-06-19 15:38:12,987 [INFO] Page 34: 25 URLs | running total: 850
2026-06-19 15:38:13,297 [INFO] Page 35: 25 URLs | running total: 875
2026-06-19 15:38:13,701 [INFO] Page 36: 25 URLs | running total: 900
2026-06-19 15:38:13,965 [INFO] Page 37: 25 URLs | running total: 925
2026-06-19 15:38:14,297 [INFO] Page 38: 25 URLs | running total: 950
2026-06-19 15:38:14,674 [INFO] Page 39: 25 URLs | running total: 975
2026-06-19 15:38:15,001 [INFO] Page 40: 25 URLs | running total: 1000
2026-06-19 15:38:15,452 [INFO] Page 41: 25 URLs | running total: 1025
2026-06-19 15:38:15,792 [INFO] Page 42: 25 URLs | running total: 1050
2026-06-19 15:38:16,001 [INFO] Page 43: 25 URLs | running total: 1075
2026-06-19 15:38:16,309 [INFO] Page 44: 25 URLs | running total: 1100
2026-06-19 15:38:17,529 [INFO] Page 45: 25 URLs | running total: 1125
2026-06-19 15:38:17,560 [INFO] Page 46: 25 URLs | running total: 1150
2026-06-19 15:38:17,576 [INFO] Page 47: 25 URLs | running total: 1175
2026-06-19 15:38:17,657 [INFO] Page 48: 25 URLs | running total: 1200
2026-06-19 15:38:17,999 [INFO] Page 49: 25 URLs | running total: 1225
2026-06-19 15:38:18,299 [INFO] Page 50: 25 URLs | running total: 1250
2026-06-19 15:38:18,299 [INFO] pagination_done set — 1250 total URLs pushed
2026-06-19 15:38:21,767 [INFO] [Worker-6] Fetching profile: https://mostaql.com/u/karim_elm0gy
2026-06-19 15:38:22,138 [INFO] [Worker-7] Fetching profile: https://mostaql.com/u/Mostafa_sabry_2
2026-06-19 15:38:22,503 [INFO] [Worker-10] Fetching profile: https://mostaql.com/u/Ahmed_khalid123
2026-06-19 15:38:22,844 [INFO] [Worker-9] Fetching profile: https://mostaql.com/u/hanyanes2007
2026-06-19 15:38:24,016 [INFO] [Worker-3] Fetching profile: https://mostaql.com/u/ahmadmans
2026-06-19 15:38:24,019 [INFO] [Worker-4] Fetching profile: https://mostaql.com/u/hadi_anbar
2026-06-19 15:38:24,049 [INFO] [Worker-1] Fetching profile: https://mostaql.com/u/Eng_Yousif
2026-06-19 15:38:24,115 [INFO] [Worker-5] Fetching profile: https://mostaql.com/u/Hazem_7any
2026-06-19 15:38:24,435 [INFO] [Worker-8] Fetching profile: https://mostaql.com/u/Wafaa_Sisalem
2026-06-19 15:38:24,776 [INFO] [Worker-2] Fetching profile: https://mostaql.com/u/AbdoDev101
2026-06-19 15:38:28,439 [INFO] [Worker-6] Fetching profile: https://mostaql.com/u/adham_mohamed27
2026-06-19 15:38:28,785 [INFO] [Worker-7] Fetching profile: https://mostaql.com/u/Amr_magdy23
2026-06-19 15:38:29,122 [INFO] [Worker-10] Fetching profile: https://mostaql.com/u/MagdiElmowafy
2026-06-19 15:38:29,470 [INFO] [Worker-9] Fetching profile: https://mostaql.com/u/yousef_m_2001
2026-06-19 15:38:30,601 [INFO] [Worker-3] Fetching profile: https://mostaql.com/u/Reemalqawo
2026-06-19 15:38:30,611 [INFO] [Worker-4] Fetching profile: https://mostaql.com/u/Hazem_7any
2026-06-19 15:38:30,642 [INFO] [Worker-1] Fetching profile: https://mostaql.com/u/Wafaa_Sisalem
2026-06-19 15:38:30,764 [INFO] [Worker-5] Fetching profile: https://mostaql.com/u/AbdoDev101
2026-06-19 15:38:31,132 [INFO] [Worker-8] Fetching profile: https://mostaql.com/u/adham_mohamed27
2026-06-19 15:38:31,429 [INFO] [Worker-2] Fetching profile: https://mostaql.com/u/Amr_magdy23
